#-----------------------------------------------------------
# Vivado v2016.3 (64-bit)
# SW Build 1682563 on Mon Oct 10 19:07:27 MDT 2016
# IP Build 1681267 on Mon Oct 10 21:28:31 MDT 2016
# Start of session at: Tue Sep 19 16:27:43 2017
# Process ID: 9920
# Current directory: C:/Users/Darius/Desktop/Y4S1/EE4218/ATC
# Command line: vivado.exe -gui_launcher_event rodinguilauncherevent9256 C:\Users\Darius\Desktop\Y4S1\EE4218\ATC\ATC.xpr
# Log file: C:/Users/Darius/Desktop/Y4S1/EE4218/ATC/vivado.log
# Journal file: C:/Users/Darius/Desktop/Y4S1/EE4218/ATC\vivado.jou
#-----------------------------------------------------------
start_gui
open_project C:/Users/Darius/Desktop/Y4S1/EE4218/ATC/ATC.xpr
reset_run synth_1
launch_runs synth_1 -jobs 4
wait_on_run synth_1
launch_runs impl_1 -jobs 4
wait_on_run impl_1
open_hw
disconnect_hw_server localhost:3121
connect_hw_server -url localhost:3121
current_hw_target [get_hw_targets */xilinx_tcf/Digilent/210248553325]
set_property PARAM.FREQUENCY 30000000 [get_hw_targets */xilinx_tcf/Digilent/210248553325]
open_hw_target
current_hw_device [lindex [get_hw_devices xc7z020_1] 0]
refresh_hw_device -update_hw_probes false [lindex [get_hw_devices xc7z020_1] 0]
launch_runs impl_1 -to_step write_bitstream -jobs 4
wait_on_run impl_1
set_property PROBES.FILE {} [lindex [get_hw_devices xc7z020_1] 0]
set_property PROGRAM.FILE {C:/Users/Darius/Desktop/Y4S1/EE4218/ATC/ATC.runs/impl_1/traffic.bit} [lindex [get_hw_devices xc7z020_1] 0]
program_hw_devices [lindex [get_hw_devices xc7z020_1] 0]
refresh_hw_device [lindex [get_hw_devices xc7z020_1] 0]
set_property PROBES.FILE {} [lindex [get_hw_devices xc7z020_1] 0]
set_property PROGRAM.FILE {C:/Users/Darius/Desktop/Y4S1/EE4218/ATC/ATC.runs/impl_1/traffic.bit} [lindex [get_hw_devices xc7z020_1] 0]
program_hw_devices [lindex [get_hw_devices xc7z020_1] 0]
refresh_hw_device [lindex [get_hw_devices xc7z020_1] 0]
reset_run synth_1
launch_runs impl_1 -jobs 4
wait_on_run impl_1
launch_runs impl_1 -to_step write_bitstream -jobs 4
wait_on_run impl_1
set_property PROBES.FILE {} [lindex [get_hw_devices xc7z020_1] 0]
set_property PROGRAM.FILE {C:/Users/Darius/Desktop/Y4S1/EE4218/ATC/ATC.runs/impl_1/traffic.bit} [lindex [get_hw_devices xc7z020_1] 0]
program_hw_devices [lindex [get_hw_devices xc7z020_1] 0]
refresh_hw_device [lindex [get_hw_devices xc7z020_1] 0]
